// Vitest Snapshot v1, https://vitest.dev/guide/snapshot.html

exports[`preset snapshots (Gate 1) > confetti.spark state @60 steps is stable 1`] = `"2fda59af"`;

exports[`preset snapshots (Gate 1) > explosion.spark state @60 steps is stable 1`] = `"70a20ede"`;

exports[`preset snapshots (Gate 1) > fire.spark state @60 steps is stable 1`] = `"7acacd80"`;

exports[`preset snapshots (Gate 1) > hit-flash.spark state @60 steps is stable 1`] = `"69691905"`;

exports[`preset snapshots (Gate 1) > magic-burst.spark state @60 steps is stable 1`] = `"3a184479"`;

exports[`preset snapshots (Gate 1) > pickup-sparkle.spark state @60 steps is stable 1`] = `"ef1c81da"`;

exports[`preset snapshots (Gate 1) > rain.spark state @60 steps is stable 1`] = `"80fc0236"`;

exports[`preset snapshots (Gate 1) > smoke.spark state @60 steps is stable 1`] = `"07c67ad5"`;

exports[`preset snapshots (Gate 1) > snow.spark state @60 steps is stable 1`] = `"b941e76d"`;

exports[`preset snapshots (Gate 1) > sparks.spark state @60 steps is stable 1`] = `"e23c62b5"`;
