// Vitest Snapshot v1, https://vitest.dev/guide/snapshot.html

exports[`preset snapshots (Gate 1) > blizzard.prt state @60 steps is stable 1`] = `"25be413f"`;

exports[`preset snapshots (Gate 1) > bubbles.prt state @60 steps is stable 1`] = `"d46dec4d"`;

exports[`preset snapshots (Gate 1) > coin-fountain.prt state @60 steps is stable 1`] = `"bc60a4ee"`;

exports[`preset snapshots (Gate 1) > comet.prt state @60 steps is stable 1`] = `"126d090f"`;

exports[`preset snapshots (Gate 1) > confetti.prt state @60 steps is stable 1`] = `"1a30b37a"`;

exports[`preset snapshots (Gate 1) > confetti-mix.prt state @60 steps is stable 1`] = `"22143b2f"`;

exports[`preset snapshots (Gate 1) > debris-bounce.prt state @60 steps is stable 1`] = `"ddeaa221"`;

exports[`preset snapshots (Gate 1) > dust-puff.prt state @60 steps is stable 1`] = `"449c839a"`;

exports[`preset snapshots (Gate 1) > ember-field.prt state @60 steps is stable 1`] = `"c61723ad"`;

exports[`preset snapshots (Gate 1) > explosion.prt state @60 steps is stable 1`] = `"70a20ede"`;

exports[`preset snapshots (Gate 1) > falling-leaves.prt state @60 steps is stable 1`] = `"6734768b"`;

exports[`preset snapshots (Gate 1) > fire.prt state @60 steps is stable 1`] = `"c3fd1a45"`;

exports[`preset snapshots (Gate 1) > fireball.prt state @60 steps is stable 1`] = `"ae451f38"`;

exports[`preset snapshots (Gate 1) > firefly-field.prt state @60 steps is stable 1`] = `"87641533"`;

exports[`preset snapshots (Gate 1) > fireworks.prt state @60 steps is stable 1`] = `"4b5feb77"`;

exports[`preset snapshots (Gate 1) > fog-bank.prt state @60 steps is stable 1`] = `"8ac13984"`;

exports[`preset snapshots (Gate 1) > geyser.prt state @60 steps is stable 1`] = `"a1200769"`;

exports[`preset snapshots (Gate 1) > goo-splatter.prt state @60 steps is stable 1`] = `"bc5d1cda"`;

exports[`preset snapshots (Gate 1) > healing-aura.prt state @60 steps is stable 1`] = `"42022106"`;

exports[`preset snapshots (Gate 1) > hit-flash.prt state @60 steps is stable 1`] = `"69691905"`;

exports[`preset snapshots (Gate 1) > impact-sparks.prt state @60 steps is stable 1`] = `"d4a35cb6"`;

exports[`preset snapshots (Gate 1) > laser-impact.prt state @60 steps is stable 1`] = `"d13fa33a"`;

exports[`preset snapshots (Gate 1) > level-up-burst.prt state @60 steps is stable 1`] = `"8b9a6540"`;

exports[`preset snapshots (Gate 1) > magic-burst.prt state @60 steps is stable 1`] = `"4d9a02bd"`;

exports[`preset snapshots (Gate 1) > muzzle-flash.prt state @60 steps is stable 1`] = `"bc5d1cda"`;

exports[`preset snapshots (Gate 1) > pickup-sparkle.prt state @60 steps is stable 1`] = `"ef1c81da"`;

exports[`preset snapshots (Gate 1) > portal.prt state @60 steps is stable 1`] = `"12f49c1c"`;

exports[`preset snapshots (Gate 1) > rain.prt state @60 steps is stable 1`] = `"a33fce38"`;

exports[`preset snapshots (Gate 1) > rain-streaks.prt state @60 steps is stable 1`] = `"fdc8f8a1"`;

exports[`preset snapshots (Gate 1) > rocket-exhaust.prt state @60 steps is stable 1`] = `"1fd1412b"`;

exports[`preset snapshots (Gate 1) > shell-casings.prt state @60 steps is stable 1`] = `"093ddaae"`;

exports[`preset snapshots (Gate 1) > shield-shimmer.prt state @60 steps is stable 1`] = `"d5318599"`;

exports[`preset snapshots (Gate 1) > shockwave-ring.prt state @60 steps is stable 1`] = `"483f9355"`;

exports[`preset snapshots (Gate 1) > smoke.prt state @60 steps is stable 1`] = `"c25569a7"`;

exports[`preset snapshots (Gate 1) > snow.prt state @60 steps is stable 1`] = `"bc55e748"`;

exports[`preset snapshots (Gate 1) > soda-fizz.prt state @60 steps is stable 1`] = `"bc51c403"`;

exports[`preset snapshots (Gate 1) > sparks.prt state @60 steps is stable 1`] = `"f6b2f1e1"`;

exports[`preset snapshots (Gate 1) > starfield.prt state @60 steps is stable 1`] = `"0dffdf89"`;

exports[`preset snapshots (Gate 1) > teleport-flash.prt state @60 steps is stable 1`] = `"bc5d1cda"`;

exports[`preset snapshots (Gate 1) > torch-flame.prt state @60 steps is stable 1`] = `"0258c41e"`;

exports[`preset snapshots (Gate 1) > vortex.prt state @60 steps is stable 1`] = `"0f4095ea"`;

exports[`preset snapshots (Gate 1) > waterfall-mist.prt state @60 steps is stable 1`] = `"ad713072"`;
